20th Century Fox 
3D Communications
3i US Growth Capital 
4 Kids Entertainment 
?What If? Innovation
A. Glantz Inc.
ABN AMRO
ACC Construction
ACFDance, Inc. 
AIG SunAmerica
AK Recruiting 
AMR Capital 
Abelman Frayne & Schwab 
Accenture
Acelero Learning
Acme Media LLC 
ActiveHealth Management  
Actualize Consulting
Addison Advertising 
Adelphi University 
Adjmi Apparel Group
Admedia Partners, INC 
Aei Electrical & Mechanical service 
Aeropostale 
Aircastle Advisor, LLC
Alchemy Advertising 
Alcoa Inc.
Alert Marketing, INC 
All City Family Healthcare Center
Allen B. Herskowitz CPA PC
Allied Irish Bank 
Alphabet Funds, LP
Alvarez & Marsal 
American Express 
American International Group, Inc. (AIG) 
American Target Network
Anglo Irish Bank 
Ann Taylor
Anvil Knitwear
Apollo Management
Apple Bank 
Approach Textiles, Inc.
Arden Asset Management
Ariela Alpha LLC
Aristone Capital Partners 
Ark Teleservices
Arnhold and S. Bleichroeder
Arrowsight
Art Meets Commerce 
Asian Century Quest Capital
Athorn, Clark and Associates 
Automatic Mail Services
Automotive Technology
Avon 
BBC ICECREAM LLC 
BDA
BNB Bank, N.A.
BNEI AKIVA OF THE US AND CANADA 
BNP Paribas
Baby G Inc.
Ballagh Fremont Design Co.
Bank of America Securities
Bank of New York Mellon
Barclays Capital 
Barmensen
Barrier Free Living
Barry Bricken 
Bartholomew Lawson Children's Foundation 
Basic Health
Basswood Partners 
Bay Crane Service Inc. 
Bayer Diabetes Care
Beazely USA Services, Inc.
Beazley Furlonge 
Belmont Wealth Management 
Benchmark Capital Advisors
Berlitz Publishing 
Bestow Gifts, LLC
Biomet, Inc. 
Blackrock
BlueMountain Capital Management
Bonnier Corp - Working Mother Magazine
Booth Radiology
Boston Scientific 
Boys Town New York Inc.
Brain Injury Assoc. of New York State 
BrandWizard Technologies 
Braun Consulting 
Bridal Guide
Briefly Stated 
British Consulate 
Broadridge Financial Solutions, Inc.
Broken Images 
Brookfield Properties Corporation 
Brooklyn College
Brooklyn Public Library
Bruce Levy Real Estate
Brunswick Group LLC
Building Conservation Associates, Inc.
Burden Center 
Business Traveler- Europe/US/Middle East/Asia Pacific/Germany/ 
CAN Insurance 
CCNY
CIT
CNC Trading
COMBAT 
CSAV Agency
CSC 
CW Network 
Cabot Investment Properties
Cacioppo Production Design Inc. 
Calyon
Cambridge International 
Candice Sherman Consulting 
Care Plus 
Career Team Partners
Carnet Travels
Casesa Shapiro
Central Iron & Metal co 
Ceridian
Chanel 
Channel M 
Cheil Communications
Cherry Lane Music Group 
Chimera Capital LLC
Christopher Newport University
Church of Scientology 
Ciao Bella Gelato
Citigroup National Bank 
City Business Journals Network
City Elevator 
City University of New York
Claremont Properties, Inc
Clarendon Insurance Group 
Clifford Chance 
Coach Handbags
Coach, Inc. 
Cognis Corporation 
Colden Capital Advisers, LLC. 
ColeHaan
Collins Stewart
Columbia House 
Columbia Law School 
Columbia Management Group 
Columbia University 
Community Food Resource Center 
Company 20 
Computer Whiz School 
Continuum Health Partners
Contour Photos 
Cookies Department Stores 
Copy Cats Ind. Inc.
Corbis 
Cornell University 
Corproate Synergies 
Coty Inc.
Cramer-Krassalt 
Creatimation Marketing
Creative Bag, Inc. 
Creative Media Marketing 
Credit Suisse Group 
Crowne Plaza Times Square Manhattan
Cwingate 
Cynthia O Connor + Company
D. E. Shaw & Co., L. P.
DAP INC
DBS Enterprises, LLC
DE Shaw & Co., LP
DF King & Co 
DIA, Inc.
DMV International
DMV Nutritionals
DR Graphic Design
DTCC
David's Financial
DeFeo Esquire
DealMed Inc.
Dean and Deluca 
Delle Vedove 
Deloitte & Touche USA LLP 
Depository Trust and Clearing Corporation
Deutsch Corp. Inc
Deutsche Bank 
Devlinhair Productions 
Dice Inc.
Diocese of Long Island
Dipinto Bros 
Disney Network
Do It Yourself Network
Doctors without Borders 
Dow Jones
Dreyfus 
Ducat Investments
EISAI, INC.
EarthWater Global
East Side Music Together/West Side Music Together 
Eastern Pacific Incorporated
EchodDitto 
Edelman
Educational Records Bureau
Educators Publishing Service 
Eim USA
Empire Hospitality Group
Energy Times Magazine
Ensequence
EnterTheGraph
Epiq Systems 
Equality Charter School
Equity Resource 
Ermenegildo Zegna 
Ernst & Young LLP
Essex Woodlands Health Ventures 
Estee Lauder 
EuclidSR Partners, L.P. 
Euromoney Magazine 
Everett Collection Inc.
Evian
Evident Software,Inc. 
Evolving Business Solutions, Inc.
Ewing Management Group 
Executive Office of the President of the United States 
Extranet Inc
F&D Reports, Inc. 
FT Trucking, Inc.
FTI Consulting
FTN Financial 
FairIsaac 
Fairway Market
Fassforward Consulting Group
FedCap 
Federal Home Loan Bank of New York 
Federated Media Publishing
Fenton Communications
Fignalert Corporation
First Allied Mortgage
Fischer Francis Trees & Watts
Fitch Ratings 
Fitzgerald Analytics
Folksamerica Reinsurance Co. 
Forbes Magazine 
Fordham Law School
Forest Laboratories, Inc.
Forrest Solutions
Fortress
Freedom + Partners
Fremantle Media 
FremantleMedia
French Culinary Institute
Future Leaders of America 
Future US 
GE
GE Commercial Finance
GG Group 
GM
GNS Development Corp.
GVA Williams 
Galaxy Towers Condominium Association 
Gas Orange Partner 
Gas Turbines International, LLC 
General Stationary
Getty Images
Glaceau
Glantz Inc.
Glass Lewis
Goddard Riverside
Goldman, Sachs 
GossiPhotos
Graphics MD
Grassi Associates 
Great Outdoors Landscaping
Great Works
Greater New York Hospital Association 
Green Rhino Inc. 
Greenlight Capital 
Groundbreak Publishing, Inc. 
Group 360
HBO 
HELP USA
HL Group
HSBC Bank 
HSH Nordbank AG
Haven Capital Mgmt.
Haver Analytics
Health Care Intelligence Network 
Healthology 
Hearst Communications Inc. 
Heart Beat 
Heartbeat Software
HedgeOp Complaince 
Hermes of Paris
Herrick Feinstein, LLP
Hewlett Woodmere 
High Intensity Drug Trafficking Area for New York and New Jersey 
Hill and Knowlton
Homes of Hunterdon 
Hospitality eBusiness
Hudson Community College 
Hughes Hubbard & Reed 
Hunter College
Hunter Roberts
Huron Consulting Group 
Hyatt Regency Jersey City
I Mentor
I.C. Isaac 
ICAP
IFF
IFS
IGI 
IPRO
Icon Limited
Image Source 
Imara Consulting Group
Imperial Capital LLC
Incisive RWG, Inc.
Indus Capital Partners
Influence Graphics 
Insight Communications
Institutional investor
InterBrand
Interactive Data Pricing & Reference Data
Intercept Interactive
International Copper Association
Interpublic  Group
Ironworks Media 
Island Capital LLC 
It Papers 
Italian Finest Custom Creations
Italian Wine Merchants 
Itau Securities Inc. 
Ivy Stone Group
J. Crew, Inc 
J. Everitt Corp.
Jenny Lo Design Studio LLC
Jewish Home
Joan Rivers Worldwide
John Norwood Antiques 
Jonathan Product LLC
Jones Apparel Group 
Journelle
Julia Dyckman Andrus Memorial
K. Backus and Associates
KAM Consultants
KPMG
KPR Advertising 
Kaboose
Kaiser Permanente
Karen Morstad Partners 
Karsch Capital 
Keeco, LLC 
Kellogg Capital 
Keychains Plus Inc.
Kgraphics 
Kier Global
Kiwi Partners Inc
Knoll Designs 
L.E.B. Electric Ltd. 
LECG 
La Senda
Labranche & Co Inc
Lacoste
Lasalle Academy
Latin Finance 
Laura Torrado DDS
Law Office of Seema Iyer
Lefrak
Lehman Brothers Inc.
Lenox Hill Neighborhood House
Leucadia National Corporation 
Lev Pharmaceuticals
Lexington Realty Trust
Lincoln Center Development Project, Inc.
Lindblad Expiditions 
Linkshare
Lionstone Capital Management
Lisa Management, Inc
Literacy Assistance Center, Inc
Lloyd’s Banking Group
Loews Cineplex Theatres, Inc. 
Loisaida Labs
Loring Ward Group Inc
Lou Hammond Associates 
Louis Vuitton
Lyons Lavey Nickel Swift 
MFA Ltd. 
MIVA
MMC Energy, Inc
MS Logan Photography 
MSCI Barra
MSCT
MTV Networks 
MVision Private Equity
Macy's 
Maersk Training Center
Maesa Group
Majestic Research
Major League Baseball 
Make Believe
Makovsky + Company
Malleeny Inc 
Man Investments
Mandarin Oriental Hotel 
Mango's Place Day Care Corp
Manhasset Bay Yachet Club
Marcum & Kleigman
Mark Krueger & Associates
Markit North America Inc.
Markitecture 
Marwood Group
Matthew Cronin CPA
Max Leather
Maxim Magazine 
McGarry Bowen LLC
McGraw - Hill 
McMahon Group 
Me & Ro Jewelry 
Mechoshade 
Medallion Retail
Media business Advisers Inc.
Mediamark Research & Intelligence
Mentoring USA 
Merill Lynch 
MetalMark Capital 
Metlife
Microsoft
Milberg Weiss 
Millford Plaza
Mindset Media
Mitsubishi Logistics America Corp 
Mobotix
Moet Hennessy USA 
Montrose Advisors Inc 
Moore Capital Management
Morgan Stanley
Motorola Inc.
Mountbatten
Mutual of America
Mvision
NASD 
NBC Universal 
NGN Capital
NJ Carpenter Contractor Trust 
NPA West 
NSI
NY Cares
NY Education Dept 
NYU Fertility Center
NYU Medical School
NYU School of Medicine
Nadanar Imports 
Names
National Basketball League (NBA) 
National Cinemedia
National Grid
National Lacrosse League (NLL) 
New Jersey Resource 
New Venture Marketing
New York Hospital Queens
New York Life
New York Life Insurance Company
New York Life Investment Management LLC 
New York Mortgage Company 
New York Palace Hotel 
New York State Department of Finance 
New York State Health Department 
New York Stock Exchange 
New York and Company 
Nielsen Media 
Noble Group
NorthStar Realty Finance 
Northwater Capital  Management, Inc.
Nurses Educational Funds, Inc. 
OCM
ODA Primary Care Health Center
OMD 
OSG
Oak Hill Capital Management
Oda Health
Ogildy Ad
Oliver Weinreb
Oliver Wyman
Olympus Imaging America Inc
Omnicom Group
One Degree Entertainment 
OppenheimerFunds 
Oracle
Ospraie Management
Othick
Overseas Shipholding Group, INC 
P & P Mechanical, Inc. 
PCH
PM Three
PMI 
PRO CIRC LLC 
PROMOSUITE INTERACTIVE
Pagaon Enterprise
Paine & Partners
Palladia Inc. 
Park Hill Group 
Parsons Brinkerhoff 
Paul Winston - Eurostar LLC 
Penn, Schoen & Berland Associates 
Permanent Records, LLC 
Perry Capital 
Perry Publications 
Phoenix House
Polo Ralph Lauren
Pomona Capital
Poten & Partners, Inc. 
Practical Computer Training 
Practising Law Institute
Pratt Center for Community Development
Praxis Studio
Preferred Media
PremCor 
Primedia
Princeton Tec 
Progressive General Contractors
Projects In Knowledge, Inc.
Providence
Prudential Financial Inc.
QUEENS PUBLIC TV
R/GA
RAN ONE Americas
RBC
RFI LLC
RP, LLC
Rabin Partners
Real Estate Corp
Resource America, Inc. 
Rice & Dore
Rice Financial Products Company
Rich Court Fund Advisors 
Richter+Ratner
Riverdale University 
Robotti & Co. 
Rockbay Capital Management 
Rockbox Films
Rockwood Capital LLC 
Rosen & Federico 
Rosetta Marketing Group LLC
Rousso Apparel 
Roxiticus Capital Management, LLC
Royal Bank of Scotland
Rutgers
Rymax Marketing Services 
SAI Global
SCIFI.com
SFR 
SI Online
SL Green
SNET
STC Associates
STUDIOS Architecture 
SUNY Downstate Medical School
Sabre Tech Services
Sacks 
SageNet, LLC 
Salomon Brothers 
Sanct-u-wear Fashion 
Sand Tools 
Satellite Asset Management
Satmetrix Systems Inc.
Saul Cohen & Associates 
Scholastic 
Sedna Capital 
Shearman & Sterling 
Siboney USA
Siemens Medical Solutions 
Silver Lane Advisors
Simon and Schuster, Inc. 
Skadden Arps
Skidmore, Owings and Merrill LLP (New WTC Architects) 
Slinky Wagabound Inc.
Sloan-Kettering - Memorial Sloan-Kettering Cancer Center 
Smart Design
Smyth Media 
Snap-Interactive Media
Sony Music Label Group 
Source Marketing LLC
Sourcingfloor, LLC
Spring Mountain Capital
St. Vincent Catholic Medical Center of New York
Standard New York Securities, Inc 
Standard and Poor's, Inc. 
Starbucks Coffee Company 
Starwood Hotels
State University of New York (Many colleges) 
Staubach
Stella Show Mgmt. Co.
Steve Madden 
Stone house
Stormwater Authority 
Stover Glass
Straight Diamond Trading 
Strategic Insight
Strodsky Organization 
Studio 58 
Studios GO, Inc. 
Studley
SubZero Insulation and Refrigeration Technologies, LLC
Suberi Brothers LLC 
Sullivan
Sunshine Project
Swatch Group
Symphony Marketing Solution
Symphony space
T-Mobile
T.V Guide
TFR Capital Corp
Tekus 
TellmeOmuse LLC 
Telx
Tessilgrosso USA 
The Africa America Institute
The American Austrian Foundation
The Benchmark Capital
The Benjamin Moore & Co.
The Carlyle Group 
The Children’s Aid Society 
The Clarett Group
The College Bound Network
The Corcoran Group
The Execu|Search Group 
The Eye Bank for Sight Restoration Inc.
The Finch Group 
The Floating Hospital
The Foundation for Safe Boating and Marine Information
The Frankel Group 
The Funds for Park Ave 
The Grayson Company
The Halo Group 
The Ice Future USA
The Joester Loria Group
The Joseph Group
The New York Academy of Medicine
The New York Post 
The New York State Society of Certified Public Accountants (NYSSCPA) 
The One Group
The Phoenix House Foundation, Inc.
The Praedium Group
The Research Foundation of CUNY
The Sales Athlete, Inc.
The Smith & Wollenksy Restaurant Group 
The Village Voice 
The Villa 
The Whelan Group, Inc.
The Williams Capital Group
The Witherspoon Institute 
Thomson Financial
Tiffany & Co. 
Timberland 
Time 
Touradji Capital
Tourism Ireland
TowerBrook Capital Partners, LP 
Toyota
TractManager
Tradeweb
Trading Technologies 
Transurban 
Travelzoo
Tremblant Capital 
Tremor Media LLC
Trepp 
Trespa New York
Triangle Services, Inc. 
Triumph Learning 
Tucci Equipment Rental Co
Tuohy Brothers
Tutor Time
U.S. Concepts
U.S.Trust company 
UBC Envision Group
UBM
UBS 
UFCW Local 1360
UGO
US Concepts
Unilever 
United Kingdom Cabinet of the Queen 
Universal Music Group
Urban Express
VE Ralph & Son, Inc.
Van Wagner 
Vaun Douglas, Inc. 
Vermilion Needlepoint Rugs 
Victoria's Secret 
Vishal
Vista Media Group 
Volt Information Sciences, Inc
Vonnroll USA
Vortechnics 
WJS Financial
WTM Re Services, LLC.
Wagner College 
Walker Group Design 
Warner Music Group, Inc. 
Warrington Capital Managemnent, LLC 
Washington Mutual 
Weight Watchers
Weil Cornell Medical College
Weleda
Wells Fargo 
West End Financial Advisors
Westwood One Radio
WhitePages.com
Wildlife Conservation Society
Wiley Malehorn & Sirota
William Grant & Sons
Williams, Jones & Associates
Willow Ridge Country Club
Wilmington Trust Co. 
Winters Ripp Design
Wormser Development Group, Inc.
XM Satellite Radio
Yarnz
Yipes Enterprise Services
YuMe Networks
Yves Saint Laurent
Zephyr
Zero Odor
Ziegler
Zurich
amNewYork
arteMosaique, Inc. 
dELiA*s 
delAardvark Communications
eHARLEQUIN.com 
eMusic.com
iTheatrics
jcca
nVision East Inc. 
r-pac International Corp.
steel toe artist mgt
studio 1200
ƒNet, Inc.
